17:29:43 **** Auto Build of configuration Debug for project PS ****
make pre-build main-build 
a9-linaro-pre-build-step
 
Building file: ../src/BRAM_PS_PL.c
Invoking: ARM v7 gcc compiler
arm-none-eabi-gcc -Wall -O0 -g3 -c -fmessage-length=0 -MT"src/BRAM_PS_PL.o" -mcpu=cortex-a9 -mfpu=vfpv3 -mfloat-abi=hard -I../../Ex1_bsp/ps7_cortexa9_0/include -MMD -MP -MF"src/BRAM_PS_PL.d" -MT"src/BRAM_PS_PL.o" -o "src/BRAM_PS_PL.o" "../src/BRAM_PS_PL.c"
../src/BRAM_PS_PL.c:32:14: warning: 'charge_rate_rapid' defined but not used [-Wunused-variable]
 static float charge_rate_rapid = 0.5;
              ^~~~~~~~~~~~~~~~~
Finished building: ../src/BRAM_PS_PL.c
 
Building target: PS.elf
Invoking: ARM v7 gcc linker
arm-none-eabi-gcc -mcpu=cortex-a9 -mfpu=vfpv3 -mfloat-abi=hard -Wl,-build-id=none -specs=Xilinx.spec -Wl,-T -Wl,../src/lscript.ld -L../../Ex1_bsp/ps7_cortexa9_0/lib -o "PS.elf"  ./src/BRAM_PS_PL.o ./src/platform.o   -Wl,--start-group,-lxil,-lgcc,-lc,--end-group
Finished building target: PS.elf
 
Invoking: ARM v7 Print Size
arm-none-eabi-size PS.elf  |tee "PS.elf.size"
   text	   data	    bss	    dec	    hex	filename
  95812	   2688	  23424	 121924	  1dc44	PS.elf
Finished building: PS.elf.size
 

17:29:44 Build Finished (took 972ms)

